// Jest Snapshot v1, https://goo.gl/fbAQLP

exports[`renders Home page correctly 1`] = `
<RCTScrollView
  showsVerticalScrollIndicator={false}
>
  <View>
    <RCTSafeAreaView
      emulateUnlessSupported={true}
      style={
        Object {
          "alignItems": "center",
          "height": "100%",
          "justifyContent": "center",
          "marginTop": 5,
          "width": "100%",
        }
      }
    >
      <View
        style={
          Object {
            "height": 280,
            "marginBottom": 10,
            "shadowColor": "gray",
            "shadowOffset": Object {
              "height": 0,
              "width": 0,
            },
            "shadowOpacity": 0.5,
            "shadowRadius": 6,
            "width": "95%",
          }
        }
      >
        <View
          style={
            Object {
              "alignSelf": "center",
              "borderRadius": 15,
              "height": "100%",
              "justifyContent": "center",
              "overflow": "hidden",
              "width": "100%",
            }
          }
        >
          <View
            accessibilityIgnoresInvertColors={true}
            style={
              Object {
                "flex": 3,
                "height": "100%",
                "resizeMode": "contain",
                "width": "100%",
              }
            }
          >
            <Image
              source={1}
              style={
                Array [
                  Object {
                    "bottom": 0,
                    "left": 0,
                    "position": "absolute",
                    "right": 0,
                    "top": 0,
                  },
                  Object {
                    "height": "100%",
                    "width": "100%",
                  },
                  undefined,
                ]
              }
            />
            <Image
              source={1}
              style={
                Object {
                  "backgroundColor": "#FFFFFF99",
                  "flex": 1,
                  "height": null,
                  "resizeMode": "contain",
                  "width": null,
                }
              }
            />
          </View>
        </View>
      </View>
      <View
        style={
          Object {
            "height": 180,
            "marginBottom": 10,
            "shadowColor": "gray",
            "shadowOffset": Object {
              "height": 0,
              "width": 0,
            },
            "shadowOpacity": 0.8,
            "shadowRadius": 6,
            "width": "95%",
          }
        }
      >
        <View
          style={
            Object {
              "alignItems": "center",
              "backgroundColor": "#0033A0E0",
              "borderRadius": 15,
              "height": "100%",
              "justifyContent": "center",
              "overflow": "hidden",
              "width": "100%",
            }
          }
        >
          <Text
            adjustsFontSizeToFit={true}
            numberOfLines={1}
            style={
              Object {
                "alignSelf": "center",
                "color": "white",
                "fontSize": 34,
                "fontWeight": "bold",
                "paddingBottom": 5,
              }
            }
          >
            DanceBlue 5K 🏃🏼‍♂
          </Text>
          <View
            style={
              Object {
                "borderTopColor": "#FFC72C",
                "borderTopWidth": 3,
                "paddingTop": 5,
                "width": "90%",
              }
            }
          >
            <View
              style={
                Object {
                  "flexDirection": "row",
                  "justifyContent": "center",
                }
              }
            >
              <View
                style={
                  Object {
                    "alignItems": "center",
                    "justifyContent": "center",
                  }
                }
              >
                <View
                  style={
                    Object {
                      "alignItems": "center",
                      "flexDirection": "row",
                      "justifyContent": "center",
                    }
                  }
                >
                  <View
                    style={
                      Array [
                        Object {
                          "alignItems": "center",
                          "borderRadius": 5,
                          "justifyContent": "center",
                          "marginHorizontal": 2,
                        },
                        Object {
                          "height": 78,
                          "width": 69,
                        },
                        Object {
                          "backgroundColor": "rgba(255,255,255,0.5)",
                        },
                      ]
                    }
                  >
                    <Text
                      style={
                        Array [
                          Object {
                            "color": "white",
                            "fontVariant": Array [
                              "tabular-nums",
                            ],
                            "fontWeight": "bold",
                          },
                          Object {
                            "fontSize": 30,
                          },
                          Object {
                            "color": "white",
                          },
                        ]
                      }
                    >
                      00
                    </Text>
                  </View>
                </View>
                <Text
                  style={
                    Array [
                      Object {
                        "backgroundColor": "transparent",
                        "color": "white",
                        "marginVertical": 2,
                      },
                      Object {
                        "fontSize": 16.666666666666668,
                      },
                      Object {
                        "color": "white",
                        "fontWeight": "bold",
                      },
                    ]
                  }
                >
                  Days
                </Text>
              </View>
              <View
                style={
                  Object {
                    "alignItems": "center",
                    "justifyContent": "center",
                  }
                }
              >
                <Text
                  style={
                    Array [
                      Object {
                        "backgroundColor": "transparent",
                        "fontWeight": "bold",
                      },
                      Object {
                        "fontSize": 36,
                      },
                      Object {
                        "color": "#FFC72C",
                      },
                    ]
                  }
                >
                  :
                </Text>
              </View>
              <View
                style={
                  Object {
                    "alignItems": "center",
                    "justifyContent": "center",
                  }
                }
              >
                <View
                  style={
                    Object {
                      "alignItems": "center",
                      "flexDirection": "row",
                      "justifyContent": "center",
                    }
                  }
                >
                  <View
                    style={
                      Array [
                        Object {
                          "alignItems": "center",
                          "borderRadius": 5,
                          "justifyContent": "center",
                          "marginHorizontal": 2,
                        },
                        Object {
                          "height": 78,
                          "width": 69,
                        },
                        Object {
                          "backgroundColor": "rgba(255,255,255,0.5)",
                        },
                      ]
                    }
                  >
                    <Text
                      style={
                        Array [
                          Object {
                            "color": "white",
                            "fontVariant": Array [
                              "tabular-nums",
                            ],
                            "fontWeight": "bold",
                          },
                          Object {
                            "fontSize": 30,
                          },
                          Object {
                            "color": "white",
                          },
                        ]
                      }
                    >
                      00
                    </Text>
                  </View>
                </View>
                <Text
                  style={
                    Array [
                      Object {
                        "backgroundColor": "transparent",
                        "color": "white",
                        "marginVertical": 2,
                      },
                      Object {
                        "fontSize": 16.666666666666668,
                      },
                      Object {
                        "color": "white",
                        "fontWeight": "bold",
                      },
                    ]
                  }
                >
                  Hours
                </Text>
              </View>
              <View
                style={
                  Object {
                    "alignItems": "center",
                    "justifyContent": "center",
                  }
                }
              >
                <Text
                  style={
                    Array [
                      Object {
                        "backgroundColor": "transparent",
                        "fontWeight": "bold",
                      },
                      Object {
                        "fontSize": 36,
                      },
                      Object {
                        "color": "#FFC72C",
                      },
                    ]
                  }
                >
                  :
                </Text>
              </View>
              <View
                style={
                  Object {
                    "alignItems": "center",
                    "justifyContent": "center",
                  }
                }
              >
                <View
                  style={
                    Object {
                      "alignItems": "center",
                      "flexDirection": "row",
                      "justifyContent": "center",
                    }
                  }
                >
                  <View
                    style={
                      Array [
                        Object {
                          "alignItems": "center",
                          "borderRadius": 5,
                          "justifyContent": "center",
                          "marginHorizontal": 2,
                        },
                        Object {
                          "height": 78,
                          "width": 69,
                        },
                        Object {
                          "backgroundColor": "rgba(255,255,255,0.5)",
                        },
                      ]
                    }
                  >
                    <Text
                      style={
                        Array [
                          Object {
                            "color": "white",
                            "fontVariant": Array [
                              "tabular-nums",
                            ],
                            "fontWeight": "bold",
                          },
                          Object {
                            "fontSize": 30,
                          },
                          Object {
                            "color": "white",
                          },
                        ]
                      }
                    >
                      01
                    </Text>
                  </View>
                </View>
                <Text
                  style={
                    Array [
                      Object {
                        "backgroundColor": "transparent",
                        "color": "white",
                        "marginVertical": 2,
                      },
                      Object {
                        "fontSize": 16.666666666666668,
                      },
                      Object {
                        "color": "white",
                        "fontWeight": "bold",
                      },
                    ]
                  }
                >
                  Minutes
                </Text>
              </View>
              <View
                style={
                  Object {
                    "alignItems": "center",
                    "justifyContent": "center",
                  }
                }
              >
                <Text
                  style={
                    Array [
                      Object {
                        "backgroundColor": "transparent",
                        "fontWeight": "bold",
                      },
                      Object {
                        "fontSize": 36,
                      },
                      Object {
                        "color": "#FFC72C",
                      },
                    ]
                  }
                >
                  :
                </Text>
              </View>
              <View
                style={
                  Object {
                    "alignItems": "center",
                    "justifyContent": "center",
                  }
                }
              >
                <View
                  style={
                    Object {
                      "alignItems": "center",
                      "flexDirection": "row",
                      "justifyContent": "center",
                    }
                  }
                >
                  <View
                    style={
                      Array [
                        Object {
                          "alignItems": "center",
                          "borderRadius": 5,
                          "justifyContent": "center",
                          "marginHorizontal": 2,
                        },
                        Object {
                          "height": 78,
                          "width": 69,
                        },
                        Object {
                          "backgroundColor": "rgba(255,255,255,0.5)",
                        },
                      ]
                    }
                  >
                    <Text
                      style={
                        Array [
                          Object {
                            "color": "white",
                            "fontVariant": Array [
                              "tabular-nums",
                            ],
                            "fontWeight": "bold",
                          },
                          Object {
                            "fontSize": 30,
                          },
                          Object {
                            "color": "white",
                          },
                        ]
                      }
                    >
                      00
                    </Text>
                  </View>
                </View>
                <Text
                  style={
                    Array [
                      Object {
                        "backgroundColor": "transparent",
                        "color": "white",
                        "marginVertical": 2,
                      },
                      Object {
                        "fontSize": 16.666666666666668,
                      },
                      Object {
                        "color": "white",
                        "fontWeight": "bold",
                      },
                    ]
                  }
                >
                  Seconds
                </Text>
              </View>
            </View>
          </View>
        </View>
      </View>
      <View
        style={
          Object {
            "marginBottom": 10,
            "shadowColor": "gray",
            "shadowOffset": Object {
              "height": 0,
              "width": 0,
            },
            "shadowOpacity": 0.8,
            "shadowRadius": 6,
            "width": "95%",
          }
        }
      >
        <View
          style={
            Object {
              "alignItems": "flex-start",
              "backgroundColor": "white",
              "borderRadius": 15,
              "justifyContent": "flex-start",
              "overflow": "hidden",
              "paddingBottom": 5,
              "paddingLeft": 5,
              "paddingTop": 5,
              "width": "100%",
            }
          }
        >
          <View
            style={
              Object {
                "borderBottomColor": "#0033A0",
                "borderBottomWidth": 2,
              }
            }
          >
            <Text
              style={
                Object {
                  "color": "black",
                  "fontSize": 20,
                  "fontWeight": "bold",
                }
              }
            >
               ANNOUNCEMENTS 
            </Text>
          </View>
          <View
            style={
              Object {
                "alignItems": "flex-start",
                "flexDirection": "row",
                "flexWrap": "wrap",
                "paddingLeft": 5,
                "paddingRight": 5,
                "paddingTop": 5,
              }
            }
          >
            <View
              style={
                Object {
                  "alignSelf": "flex-start",
                  "fontSize": 20,
                  "width": 15,
                }
              }
            >
              <Text
                style={
                  Object {
                    "color": "#0033A0",
                    "fontSize": 16,
                    "fontWeight": "bold",
                  }
                }
              >
                • 
              </Text>
            </View>
            <View
              style={
                Object {
                  "flex": 1,
                }
              }
            >
              <Text
                style={
                  Object {
                    "fontSize": 16,
                  }
                }
              >
                This is the announcement. It is very long and pointless to do something this long.
              </Text>
            </View>
          </View>
          <View
            style={
              Object {
                "alignItems": "flex-start",
                "flexDirection": "row",
                "flexWrap": "wrap",
                "paddingLeft": 5,
                "paddingRight": 5,
                "paddingTop": 5,
              }
            }
          >
            <View
              style={
                Object {
                  "alignSelf": "flex-start",
                  "fontSize": 20,
                  "width": 15,
                }
              }
            >
              <Text
                style={
                  Object {
                    "color": "#0033A0",
                    "fontSize": 16,
                    "fontWeight": "bold",
                  }
                }
              >
                • 
              </Text>
            </View>
            <View
              style={
                Object {
                  "flex": 1,
                }
              }
            >
              <Text
                style={
                  Object {
                    "fontSize": 16,
                  }
                }
              >
                DanceBlue has raised over $15 Million FTK!
              </Text>
            </View>
          </View>
        </View>
      </View>
      <View
        style={
          Object {
            "marginBottom": 10,
            "shadowColor": "gray",
            "shadowOffset": Object {
              "height": 0,
              "width": 0,
            },
            "shadowOpacity": 0.5,
            "shadowRadius": 6,
            "width": "95%",
          }
        }
      >
        <View
          style={
            Object {
              "alignItems": "flex-start",
              "backgroundColor": "white",
              "borderRadius": 10,
              "flex": 1,
              "justifyContent": "flex-start",
              "marginTop": 5,
              "overflow": "hidden",
              "paddingBottom": 5,
              "paddingLeft": 5,
              "paddingTop": 5,
            }
          }
        >
          <Text
            style={
              Object {
                "borderBottomColor": "#0033A0",
                "borderBottomWidth": 2,
                "fontSize": 20,
                "fontWeight": "bold",
              }
            }
          >
            MORALE CUP STANDINGS
          </Text>
          <View
            style={
              Object {
                "alignItems": "center",
                "borderBottomColor": "#999999",
                "borderBottomWidth": 0.2,
                "flexDirection": "row",
                "justifyContent": "space-between",
                "paddingBottom": 10,
                "paddingTop": 10,
              }
            }
          >
            <View
              style={
                Object {
                  "flexDirection": "row",
                  "width": "20%",
                }
              }
            >
              <Text
                style={
                  Object {
                    "fontSize": 20,
                    "fontWeight": "bold",
                    "marginLeft": 10,
                    "marginRight": 10,
                  }
                }
              >
                1
              </Text>
              <Text />
            </View>
            <View
              style={
                Object {
                  "flexDirection": "column",
                  "width": "50%",
                }
              }
            >
              <Text
                style={
                  Object {
                    "fontSize": 15,
                    "fontWeight": "bold",
                  }
                }
              >
                Team 13
              </Text>
              <Text
                style={
                  Object {
                    "fontStyle": "italic",
                    "fontWeight": "normal",
                  }
                }
              >
                M
              </Text>
            </View>
            <View
              style={
                Object {
                  "justifyContent": "flex-end",
                  "width": "30%",
                }
              }
            >
              <Text
                style={
                  Object {
                    "fontSize": 17,
                    "fontWeight": "bold",
                    "paddingRight": 10,
                    "textAlign": "right",
                  }
                }
              >
                1
                 
                point
              </Text>
            </View>
          </View>
          <View
            style={
              Object {
                "alignItems": "center",
                "borderBottomColor": "#999999",
                "borderBottomWidth": 0.2,
                "flexDirection": "row",
                "justifyContent": "space-between",
                "paddingBottom": 10,
                "paddingTop": 10,
              }
            }
          >
            <View
              style={
                Object {
                  "flexDirection": "row",
                  "width": "20%",
                }
              }
            >
              <Text
                style={
                  Object {
                    "fontSize": 20,
                    "fontWeight": "bold",
                    "marginLeft": 10,
                    "marginRight": 10,
                  }
                }
              >
                2
              </Text>
              <Text />
            </View>
            <View
              style={
                Object {
                  "flexDirection": "column",
                  "width": "50%",
                }
              }
            >
              <Text
                style={
                  Object {
                    "fontSize": 15,
                    "fontWeight": "bold",
                  }
                }
              >
                Team 24
              </Text>
              <Text
                style={
                  Object {
                    "fontStyle": "italic",
                    "fontWeight": "normal",
                  }
                }
              >
                X
              </Text>
            </View>
            <View
              style={
                Object {
                  "justifyContent": "flex-end",
                  "width": "30%",
                }
              }
            >
              <Text
                style={
                  Object {
                    "fontSize": 17,
                    "fontWeight": "bold",
                    "paddingRight": 10,
                    "textAlign": "right",
                  }
                }
              >
                20
                 
                points
              </Text>
            </View>
          </View>
          <View
            style={
              Object {
                "alignItems": "center",
                "borderBottomColor": "#999999",
                "borderBottomWidth": 0.2,
                "flexDirection": "row",
                "justifyContent": "space-between",
                "paddingBottom": 10,
                "paddingTop": 10,
              }
            }
          >
            <View
              style={
                Object {
                  "flexDirection": "row",
                  "width": "20%",
                }
              }
            >
              <Text
                style={
                  Object {
                    "fontSize": 20,
                    "fontWeight": "bold",
                    "marginLeft": 10,
                    "marginRight": 10,
                  }
                }
              >
                3
              </Text>
              <Text />
            </View>
            <View
              style={
                Object {
                  "flexDirection": "column",
                  "width": "50%",
                }
              }
            >
              <Text
                style={
                  Object {
                    "fontSize": 15,
                    "fontWeight": "bold",
                  }
                }
              >
                Team 20
              </Text>
              <Text
                style={
                  Object {
                    "fontStyle": "italic",
                    "fontWeight": "normal",
                  }
                }
              >
                T
              </Text>
            </View>
            <View
              style={
                Object {
                  "justifyContent": "flex-end",
                  "width": "30%",
                }
              }
            >
              <Text
                style={
                  Object {
                    "fontSize": 17,
                    "fontWeight": "bold",
                    "paddingRight": 10,
                    "textAlign": "right",
                  }
                }
              >
                50
                 
                points
              </Text>
            </View>
          </View>
          <View
            accessible={true}
            focusable={true}
            isTVSelectable={true}
            onClick={[Function]}
            onResponderGrant={[Function]}
            onResponderMove={[Function]}
            onResponderRelease={[Function]}
            onResponderTerminate={[Function]}
            onResponderTerminationRequest={[Function]}
            onStartShouldSetResponder={[Function]}
            style={
              Object {
                "justifyContent": "flex-end",
              }
            }
          >
            <Text
              style={null}
            >
              Show more...
            </Text>
          </View>
        </View>
      </View>
      <View
        style={
          Object {
            "marginBottom": 10,
            "shadowColor": "gray",
            "shadowOffset": Object {
              "height": 0,
              "width": 0,
            },
            "shadowOpacity": 0.5,
            "shadowRadius": 6,
            "width": "95%",
          }
        }
      >
        <RCTScrollView
          ScrollEventThrottle={16}
        >
          <View>
            <View
              style={
                Object {
                  "alignItems": "flex-start",
                  "backgroundColor": "white",
                  "borderRadius": 15,
                  "flex": 1,
                  "justifyContent": "flex-start",
                  "overflow": "hidden",
                  "paddingBottom": 5,
                  "paddingLeft": 5,
                  "paddingTop": 5,
                  "width": "100%",
                }
              }
            >
              <View
                style={
                  Object {
                    "borderBottomColor": "#0033A0",
                    "borderBottomWidth": 2,
                  }
                }
              >
                <Text
                  style={
                    Object {
                      "color": "black",
                      "fontSize": 20,
                      "fontWeight": "bold",
                    }
                  }
                >
                  SPONSORS
                </Text>
              </View>
              <View
                style={
                  Object {
                    "height": 170,
                    "marginTop": 5,
                    "padding": 5,
                  }
                }
              >
                <RCTScrollView
                  horizontal={true}
                  showsHorizontalScrollIndicator={false}
                  style={
                    Object {
                      "padding": 10,
                    }
                  }
                >
                  <View>
                    <View
                      accessible={true}
                      focusable={true}
                      isTVSelectable={true}
                      onClick={[Function]}
                      onResponderGrant={[Function]}
                      onResponderMove={[Function]}
                      onResponderRelease={[Function]}
                      onResponderTerminate={[Function]}
                      onResponderTerminationRequest={[Function]}
                      onStartShouldSetResponder={[Function]}
                      style={null}
                    >
                      <View
                        style={
                          Object {
                            "flex": 2,
                            "padding": 0,
                          }
                        }
                      >
                        <Image
                          source={1}
                          style={
                            Object {
                              "flex": 1,
                              "resizeMode": "contain",
                              "width": 200,
                            }
                          }
                        />
                      </View>
                    </View>
                    <View
                      accessible={true}
                      focusable={true}
                      isTVSelectable={true}
                      onClick={[Function]}
                      onResponderGrant={[Function]}
                      onResponderMove={[Function]}
                      onResponderRelease={[Function]}
                      onResponderTerminate={[Function]}
                      onResponderTerminationRequest={[Function]}
                      onStartShouldSetResponder={[Function]}
                      style={null}
                    >
                      <View
                        style={
                          Object {
                            "flex": 2,
                            "padding": 0,
                          }
                        }
                      >
                        <Image
                          source={1}
                          style={
                            Object {
                              "flex": 1,
                              "resizeMode": "contain",
                              "width": 200,
                            }
                          }
                        />
                      </View>
                    </View>
                    <View
                      accessible={true}
                      focusable={true}
                      isTVSelectable={true}
                      onClick={[Function]}
                      onResponderGrant={[Function]}
                      onResponderMove={[Function]}
                      onResponderRelease={[Function]}
                      onResponderTerminate={[Function]}
                      onResponderTerminationRequest={[Function]}
                      onStartShouldSetResponder={[Function]}
                      style={null}
                    >
                      <View
                        style={
                          Object {
                            "flex": 2,
                            "padding": 0,
                          }
                        }
                      >
                        <Image
                          source={1}
                          style={
                            Object {
                              "flex": 1,
                              "resizeMode": "contain",
                              "width": 200,
                            }
                          }
                        />
                      </View>
                    </View>
                    <View
                      accessible={true}
                      focusable={true}
                      isTVSelectable={true}
                      onClick={[Function]}
                      onResponderGrant={[Function]}
                      onResponderMove={[Function]}
                      onResponderRelease={[Function]}
                      onResponderTerminate={[Function]}
                      onResponderTerminationRequest={[Function]}
                      onStartShouldSetResponder={[Function]}
                      style={null}
                    >
                      <View
                        style={
                          Object {
                            "flex": 2,
                            "padding": 0,
                          }
                        }
                      >
                        <Image
                          source={1}
                          style={
                            Object {
                              "flex": 1,
                              "resizeMode": "contain",
                              "width": 200,
                            }
                          }
                        />
                      </View>
                    </View>
                    <View
                      accessible={true}
                      focusable={true}
                      isTVSelectable={true}
                      onClick={[Function]}
                      onResponderGrant={[Function]}
                      onResponderMove={[Function]}
                      onResponderRelease={[Function]}
                      onResponderTerminate={[Function]}
                      onResponderTerminationRequest={[Function]}
                      onStartShouldSetResponder={[Function]}
                      style={null}
                    >
                      <View
                        style={
                          Object {
                            "flex": 2,
                            "padding": 0,
                          }
                        }
                      >
                        <Image
                          source={1}
                          style={
                            Object {
                              "flex": 1,
                              "resizeMode": "contain",
                              "width": 200,
                            }
                          }
                        />
                      </View>
                    </View>
                    <View
                      accessible={true}
                      focusable={true}
                      isTVSelectable={true}
                      onClick={[Function]}
                      onResponderGrant={[Function]}
                      onResponderMove={[Function]}
                      onResponderRelease={[Function]}
                      onResponderTerminate={[Function]}
                      onResponderTerminationRequest={[Function]}
                      onStartShouldSetResponder={[Function]}
                      style={null}
                    >
                      <View
                        style={
                          Object {
                            "flex": 2,
                            "padding": 0,
                          }
                        }
                      >
                        <Image
                          source={1}
                          style={
                            Object {
                              "flex": 1,
                              "resizeMode": "contain",
                              "width": 200,
                            }
                          }
                        />
                      </View>
                    </View>
                    <View
                      accessible={true}
                      focusable={true}
                      isTVSelectable={true}
                      onClick={[Function]}
                      onResponderGrant={[Function]}
                      onResponderMove={[Function]}
                      onResponderRelease={[Function]}
                      onResponderTerminate={[Function]}
                      onResponderTerminationRequest={[Function]}
                      onStartShouldSetResponder={[Function]}
                      style={null}
                    >
                      <View
                        style={
                          Object {
                            "flex": 2,
                            "padding": 0,
                          }
                        }
                      >
                        <Image
                          source={1}
                          style={
                            Object {
                              "flex": 1,
                              "resizeMode": "contain",
                              "width": 200,
                            }
                          }
                        />
                      </View>
                    </View>
                    <View
                      accessible={true}
                      focusable={true}
                      isTVSelectable={true}
                      onClick={[Function]}
                      onResponderGrant={[Function]}
                      onResponderMove={[Function]}
                      onResponderRelease={[Function]}
                      onResponderTerminate={[Function]}
                      onResponderTerminationRequest={[Function]}
                      onStartShouldSetResponder={[Function]}
                      style={null}
                    >
                      <View
                        style={
                          Object {
                            "flex": 2,
                            "padding": 0,
                          }
                        }
                      >
                        <Image
                          source={1}
                          style={
                            Object {
                              "flex": 1,
                              "resizeMode": "contain",
                              "width": 200,
                            }
                          }
                        />
                      </View>
                    </View>
                    <View
                      accessible={true}
                      focusable={true}
                      isTVSelectable={true}
                      onClick={[Function]}
                      onResponderGrant={[Function]}
                      onResponderMove={[Function]}
                      onResponderRelease={[Function]}
                      onResponderTerminate={[Function]}
                      onResponderTerminationRequest={[Function]}
                      onStartShouldSetResponder={[Function]}
                      style={null}
                    >
                      <View
                        style={
                          Object {
                            "flex": 2,
                            "padding": 0,
                          }
                        }
                      >
                        <Image
                          source={1}
                          style={
                            Object {
                              "flex": 1,
                              "resizeMode": "contain",
                              "width": 200,
                            }
                          }
                        />
                      </View>
                    </View>
                    <View
                      accessible={true}
                      focusable={true}
                      isTVSelectable={true}
                      onClick={[Function]}
                      onResponderGrant={[Function]}
                      onResponderMove={[Function]}
                      onResponderRelease={[Function]}
                      onResponderTerminate={[Function]}
                      onResponderTerminationRequest={[Function]}
                      onStartShouldSetResponder={[Function]}
                      style={null}
                    >
                      <View
                        style={
                          Object {
                            "flex": 2,
                            "padding": 0,
                          }
                        }
                      >
                        <Image
                          source={1}
                          style={
                            Object {
                              "flex": 1,
                              "resizeMode": "contain",
                              "width": 200,
                            }
                          }
                        />
                      </View>
                    </View>
                    <View
                      accessible={true}
                      focusable={true}
                      isTVSelectable={true}
                      onClick={[Function]}
                      onResponderGrant={[Function]}
                      onResponderMove={[Function]}
                      onResponderRelease={[Function]}
                      onResponderTerminate={[Function]}
                      onResponderTerminationRequest={[Function]}
                      onStartShouldSetResponder={[Function]}
                      style={null}
                    >
                      <View
                        style={
                          Object {
                            "flex": 2,
                            "padding": 0,
                          }
                        }
                      >
                        <Image
                          source={1}
                          style={
                            Object {
                              "flex": 1,
                              "resizeMode": "contain",
                              "width": 200,
                            }
                          }
                        />
                      </View>
                    </View>
                  </View>
                </RCTScrollView>
              </View>
            </View>
          </View>
        </RCTScrollView>
      </View>
    </RCTSafeAreaView>
  </View>
</RCTScrollView>
`;
